etext02/11001108.txt 1001 Nights [Arabian Nights]
etext02/21001108.txt 1001 Nights [Arabian Nights]
etext02/31001108.txt 1001 Nights [Arabian Nights]
etext02/41001108.txt 1001 Nights [Arabian Nights]
etext02/51001108.txt 1001 Nights [Arabian Nights]
etext02/61001108.txt 1001 Nights [Arabian Nights]
etext02/71001108.txt 1001 Nights [Arabian Nights]
etext02/81001108.txt 1001 Nights [Arabian Nights]
etext02/91001108.txt 1001 Nights [Arabian Nights]
etext02/a1001108.txt 1001 Nights [Arabian Nights]
etext02/b1001108.txt 1001 Nights [Arabian Nights]
etext02/c1001108.txt 1001 Nights [Arabian Nights]
etext02/d1001108.txt 1001 Nights [Arabian Nights]
etext02/e1001108.txt 1001 Nights [Arabian Nights]
etext02/f1001108.txt 1001 Nights [Arabian Nights]
etext02/g1001108.txt 1001 Nights [Arabian Nights]
etext94/2000010.txt 20,000 Leagues Under the Sea
etext02/baron10.txt Adventures of Baron Munchausen, The
etext93/hfinn12.txt Adventures of Huckleberry Finn, The
etext97/2rbnh10.txt Adventures of Robin Hood, The
etext03/8rran10.txt Adventures of Roderick Random, The
etext99/advsh12.txt Adventures of Sherlock Holmes, The
etext93/sawyr11.txt Adventures of Tom Sawyer, The
etext95/anidl10.txt Aeneid, The
etext95/anide10.txt Aeneid, The (Dryden)
etext96/areop10.txt Aeropagitica
etext91/aesop11.txt Aesop's Fables
etext05/aaard10.txt Afghanistan-Anglo-Russian Dispute, The
etext03/8frml10.txt African Millionaire, The
etext96/agino10.txt Age of Innocence, The
etext03/twtp410.txt Age of Reason, The
etext96/agnsg10.txt Agnes Grey
etext03/lchms10.txt Alchemist, The
etext91/alice30.txt Alice in Wonderland
etext98/2ws3010.txt All's Well That Ends Well
etext03/twtp110.txt American Crisis, The
etext02/cnfcs10.txt Analects of Confucius, The
etext96/oleng10.txt Ancient Poems, Ballads and Songs of England
etext02/andvl11.txt Andersonville
etext00/andsj10.txt Anecdotes of Johnson
etext04/clprm10u.txt An Icelandic Primer
etext03/nnchr10.txt Anna Christie
etext98/nkrnn11.txt Anna Karenina
etext04/arjpl10.txt Annals of Jamaica Plain
etext92/avon10.txt Anne of Avonlea
etext92/anne11.txt Anne of Green Gables
etext98/anthm10z.txt Anthem
etext98/2ws3510.txt Antony and Cleopatra
etext94/landing.avi Apollo 11 Lunar Landing
etext94/read116.me Apollo 11 Lunar Landing readme file
etext03/rcddv10.txt Arcadian Adventures with the Idle Rich
etext97/1argn10.txt Argonautica, The
etext97/1argn10.txt Argonautica, The
etext04/armyl10.txt Army Life in a Black Regiment
etext94/80day11.txt Around the World in 80 Days
etext04/strtt10.txt Art of the Story-Teller, The
etext94/sunzu10.txt Art of War, The
etext98/2ws2510.txt As You Like It
etext03/8ataw11.txt Atlantis: The Antideluvian World
etext05/8augr10.txt Authors of Greece
etext99/adrwn10.txt Autiobiography of Charles Darwin, The
etext94/bfaut10.txt Autobiography of Benjamin Franklin, The
etext03/8clln10.txt Autobiography of Benvenuto Cellini (Symonds)
etext04/bhawk10.txt Autobiography of Black Hawk, The
etext02/trabi10.txt Autobiography of Theodore Roosevelt
etext00/btowe10.txt Barchester Towers
etext04/btbst10.txt Beauty and the Beast, The
etext02/lvbma11.txt Beethoven: The Man And The Artist
etext00/benhr10.txt Ben-Hur: A Tale of the Christ
etext97/bwulf11.txt Beowulf
etext03/bygdv10.txt Beyond Good and Evil
etext00/bgita10.txt Bhagavad-Gita,The (Sir Edward Arnold)
etext96/tbisp10.txt Bible in Spain, The
etext02/birds10.txt Birds, The
etext95/bbeau10.txt Black Beauty
etext97/blkhs10.txt Bleak House
etext04/btsnl10.txt Bobbsey Twins at Snow Lodge
etext91/mormon13.txt Book of Mormon, The
etext97/nnsns10.txt Book of Nonesense, The
etext97/bnrwy10.txt Boyhood in Norway
etext05/panic10.txt Brief History of Panics, A
etext04/bllfn10.txt Bulfinch's Mythology
etext95/galli10.txt Caesar's Commentaries on the Gallic Wars
etext95/callw10.txt Call of the Wild, The
etext04/canpw10.txt Canada and Other Poems
etext04/cnstr10.txt Canada and the States
etext04/8cand10.txt Candido, o El Optimismo
etext00/cbtls12.txt Canterbury Tales, The
etext00/cptcr11a.txt Captains Courageous
etext03/crtcm10.txt Cartrefi Cymru
etext05/b033w10.txt Caxtons, The
etext05/8celt10.txt Celtic Fairy Tales
etext03/chacr10.txt Chaucer
etext04/chshr10.txt Chess History and Reminiscences
etext00/chldh10.txt Childhood
etext92/carol13.txt Christmas Carol, A
etext99/cndrl10.txt Cinderella
etext04/8clel10.txt Clelia
etext04/clckm10.txt Clockmaker, The
etext01/cloud10.txt Clouds, The
etext95/homer10.txt Collection of Hesiod, Homer and Homerica
etext98/2ws0610.txt Comedy of Errors, The
etext94/comsn10.txt Common Sense
etext05/8csus10.txt Communistic Societies of the United States, The
etext93/manif12.txt Communist Manifesto
etext02/mn20v11.txt Complete Essays of Montaigne, The
etext05/esper10.txt Complete Grammar of Esperanto, A
etext97/cpogs10.txt Complete Plays of Gilbert and Sullivan
etext00/00ws110.txt Complete Shakespeare's First Folio, The
etext02/gm00v11.txt Complete Short Stories of Maupassant
etext04/suall10.txt Complete State of the Union Addresses
etext04/inagu10.txt Complete US Presidential Inagural Addresses
etext03/shlyc10.txt Complete Works of Percy Bysshe Shelley, The
etext03/jj13b10.txt Confessions
etext02/tcosa10.txt Confessions of St. Augustine, The
etext04/conra10.txt Conservation of the Races, The
etext98/2ws3610.txt Coriolanus
etext98/crsto12.txt Count of Monte Cristo, The
etext01/8crmp10.txt Crime and Punishment
etext00/1cahe10.txt Critical and Historical Essays
etext00/2cahe10.txt Critical and Historical Essays
etext01/thx1010.txt Criticisms on Origin of Species
etext03/cprrn10.txt Critique of Pure Reason, The
etext99/1ws4910.txt Cromwell
etext98/2ws3910.txt Cymbeline
etext98/cdben10.txt Cyrano de Bergerac
etext98/cdbfr10.txt Cyrano de Bergerac
etext00/cyrus10.txt Cyropaedia (Dakyns)
etext00/dmsnd11.txt Damsel in Distress
etext97/dnhst10.txt Danish History, Books I-IX
etext96/cprfd10.txt David Copperfield
etext03/dchla10.txt David Crockett: His Life and Adventures
etext99/pplgy10.txt Death of Socrates: Apology
etext99/crito10.txt Death of Socrates: Crito
etext99/phado10.txt Death of Socrates: Phaedo
etext03/thdcm10.txt Decameron, The
etext90/when12.txt Declaration of Independence
etext96/1dfre10.txt Decline and Fall of the Roman Empire
etext96/2dfre11.txt Decline and Fall of the Roman Empire
etext96/3dfre10.txt Decline and Fall of the Roman Empire
etext96/4dfre10.txt Decline and Fall of the Roman Empire
etext96/5dfre11.txt Decline and Fall of the Roman Empire
etext96/6dfre10.txt Decline and Fall of the Roman Empire
etext04/8lndp10.txt Der Landprediger
etext93/dcart10.txt Descartes' Reason Discourse
etext00/dscmn10.txt Descent of Man, The
etext05/8dubc10.txt Diary of a U-boat Commander, The
etext03/sp85g10.txt Diary of Samuel Pepys
etext01/dscep10.txt Discourses on Satire &amp; Epic Poetry
etext97/drfst10.txt Doctor Faustus
etext02/drthn11.txt Doctor Thorne
etext02/mtdtl11.txt Dog's Tale, A
etext99/2donq10.txt Don Quixote  
etext97/1donq10.txt Don Quixote  
etext96/doroz10.txt Dorothy and the Wizard in Oz
etext03/dkang10.txt Dot and the Kangaroo
etext95/dracu12.txt Dracula
etext01/dblnr11.txt Dubliners
etext01/8swan11.txt Du Cote de Chez Swann
etext05/8euhs10.txt Early European History
etext00/eduha10.txt Education of Henry Adams, The
etext00/8year10.txt Eight Years Wandering in Ceylon
etext05/8eftl10.txt Engish Fairy Tales
etext04/8gtdr10.txt England Under the Tudors
etext03/thngl10.txt English Constitution, The
etext03/gn06v10.txt Entire PG Works by George Meredith, The
etext03/eotsw10.txt Eocene, or The Silent Woman
etext01/vazov10.txt Epopee to the Forgotten
etext05/esycr10.txt Essay on Criticism
etext00/esymn10.txt Essay on Man
etext96/ebacn10.txt Essays of Francis Bacon, The
etext97/1spne10.txt Ethics
etext97/2spne10.txt Ethics
etext97/3spne10.txt Ethics
etext97/4spne10.txt Ethics
etext97/5spne10.txt Ethics
etext04/emihh10a.txt Every Man in His Humor
etext03/emohh10.txt Every Man Out of His Humor
etext01/8saht10.txt Evolution of Theology: An Anthropological Study
etext03/niebl10.txt Fall of the Niebelungs, The
etext96/ftroy10.txt Fall of Troy, The
etext03/8fmtm10.txt Famous Men of the Middle Ages
etext91/feder16.txt Federalist Papers, The
etext03/fgths10.txt Few Figs from Thistles, A
etext03/tfdbt10.txt Fifteen Decisive Battles of The World, The
etext05/cfvrw10.txt First Voyage Round the World
etext02/5wiab10.txt Five Weeks in a Balloon
etext99/fldct10.txt Foolish Dictionary, The
etext04/fb10w11.txt Forbidden Gospels and Epistles
etext02/fevch10.txt Forgotten Empire, A
etext05/8cury10.txt Forme of Cury, The 
etext97/dtroy10.txt Four Arthurian Romances
etext93/frank14.txt Frankenstein
etext03/fkchp10.txt Frederick Chopin as a Man and Musician
etext92/duglas11.txt Frederick Douglass, Narrative of the Life of
etext05/8frog10.txt Frogs, The
etext93/moon10.txt From Earth to the Moon
etext97/lndle10.txt From London to Land's End
etext05/tfgtv10.txt Fugitive, The
etext98/ggpnt10.txt Gargantua and Pantagruel
etext05/8aggr10.txt Germany and the Agricola of Tacitus
etext05/8ghst10.txt Ghosts
etext90/liber11.txt Give Me Liberty or Give Me Death
etext03/bough11.txt Golden Bough, The
etext03/gbwlc10.txt Golden Bowl, The
etext98/grexp10a.txt Great Expectations
etext01/grimm10.txt Grimm's Fairy Tales
etext04/8read10.txt Guide to Reading, A
etext97/gltrv10.txt Gulliver's Travels
etext98/2ws2610.txt Hamlet
etext04/hbtht10.txt Handbook of Ethical Theory
etext04/handi10.txt Han d'Islande
etext97/hpaot10.txt Happy Prince &amp; Other Tales, The
etext97/hardt10.txt Hard Times
etext97/hardt10.txt Hard Times
etext03/hhmms11.txt Haydn
etext96/hdark12a.txt Heart of Darkness, The
etext02/hlnty10.txt Helen of Troy
etext05/8hfld10.txt Henry Fielding: A Memoir
etext02/h8ahc10.txt Henry VIII And His Court
etext04/hmjnc11.txt Himalayan Journals
etext00/lstbw10.txt His Last Bow
etext04/mrclt10.txt History of American Literature
etext05/8hcal10.txt History of California
etext05/8hist10.txt History of English Literature, A
etext03/hgrkr10.txt History of Greek Art, A
etext01/1hofh10.txt History of Herodotus
etext01/2hofh10.txt History of Herodotus
etext00/hphnc10.txt History of Phoenicia
etext05/8romn10.txt History of Roman Literature
etext04/8rome10.txt History of Rome from 476 AD
etext99/brtns10.txt History of the Britons, The
etext00/hcath10.txt History of the Catholic Church
etext00/hioaj10.txt History of the Impeachment of Andrew Johnson
etext04/plpwr10.txt History of the Peloponnesian War
etext96/1jcfs10.txt History of the Thirty Years' War, The
etext04/8ushx10.txt History of the United States [1492-1775]
etext04/8tomj10.txt History of Tom Jones, The
etext98/3drvb10.txt Holy Bible: New Testament (Douay-Rheims)
etext99/1drvb10.txt Holy Bible: Old Testament (Douay-Rheims)
etext99/2drvb10.txt Holy Bible: Old Testament (Douay-Rheims)
etext90/kjv10.txt Holy Bible (King James Version)
etext05/8homr10.txt Homer and His Age
etext04/8hmvg10.txt Home Vegetable Gardening
etext02/bskrv11a.txt Hound of the Baskervilles, The
etext01/hoend10.txt Howard's End
etext02/bribe10.txt How Members of Congress Are Bribed
etext02/mthts11.txt How Tell a Story and Others
etext04/holyw10.txt How to Live a Holy Life
etext00/icfsh10.txt Iceland Fisherman, An
etext01/idiot10.txt Idiot, The
etext04/8idol10.txt Idols of Paris, The
etext96/idyll10a.txt Idylls of the King
etext04/iliad10b.txt Iliad, The (Pope)
etext99/mcrst11.txt Imitation of Christ, The
etext97/tiobe10.txt Importance of Being Earnest, The
etext05/8igjp10.txt In Ghostly Japan
etext00/cstwy11.txt In Search of the Castaways
etext94/fuman12.txt Insidious Dr. Fu Manchu, The
etext03/trthn10.txt Inspector-General, The
etext02/ithoa10.txt In the Heart of Africa
etext01/rshft10.txt Irish Fairy Tales
etext02/irish10.txt Irish Race in the Past and the Present
etext04/rnpz810.txt Ironia Pozorow
etext94/dmoro11.txt Island of Dr. Moreau, The
etext00/shkdd10.txt Is Shakespeare Dead?
etext98/janey11.txt Jane Eyre
etext03/jpnft10.txt Japanese Fairy Tales
etext02/jandc10.txt Jefferson and his Colleagues
etext04/8tjna10.txt Jesuits in North America
etext03/thjwl10.txt Jewel of Seven Stars, The
etext97/jmlta10.txt Jew of Malta, The
etext05/8josh10.txt Johnson's Notes to Shakespeare 
etext05/lcjnl10.txt Journals of Lewis and Clarke 1804-1806, The
etext03/8jrny10.txt Journey to the Interior of the Earth, A
etext04/judsm10.txt Judaism
etext94/jude11.txt Jude the Obscure
etext98/2ws2410.txt Julius Caesar
etext94/jungl10.txt Jungle, The
etext95/jnglb10.txt Jungle Book, The
etext04/8jrc710.txt Junior Classics, The
etext04/kalev10.txt Kalevala, The
etext04/kalec10.txt Kalevala, The (Crawford)
etext95/kswom10.txt Kansas Women in Literature
etext98/2ws1910.txt King Henry IV
etext98/2ws2110.txt King Henry IV
etext98/2ws2310.txt King Henry V
etext98/2ws0110.txt King Henry VI
etext98/2ws0210.txt King Henry VI
etext98/2ws0310.txt King Henry VI
etext98/2ws4210.txt King Henry VIII
etext98/2ws1410.txt King John
etext98/2ws3310.txt King Lear
etext98/2ws1510.txt King Richard II
etext98/2ws0410.txt King Richard III
etext04/8knck10.txt Knock, Knock and Others
etext02/koran12a.txt Koran/Q'uran, The
etext04/kknta10.txt Krasavitse, Kotoraya Niuhala Tabak
etext97/0ddc809a.txt La Divina Commedia di Dante
etext97/0ddcc10.txt La Divina Commedia di Dante (H.F. Cary)
etext97/0ddcl10.txt La Divina Commedia di Dante (Longfellow)
etext02/llake10.txt Lady of the Lake, The
etext04/8lssm10u.txt L'assommoir
etext02/lacob11.txt Last Chronicle of Barset, The
etext97/mohic10.txt Last of the Mohicans, The
etext92/sleep11.txt Legend of Sleepy Hollow, The
etext05/lgtrd10.txt Legends, Traditions, and Laws of the Iroquois
etext00/beheb10.txt Legends of Babylon and Egypt
etext04/lgsp10.txt Legends of Saint Patrick, The
etext04/lgsp10.txt Legends of Saint Patrick, The
etext98/1lotj10.txt Legends of the Jews
etext98/2lotj10.txt Legends of the Jews
etext01/3lotj10.txt Legends of the Jews
etext01/4lotj10.txt Legends of the Jews
etext02/legva12.txt Legends of Vancouver 
etext05/8ldvn10.txt Leonardo da Vinci
etext94/lesms10.txt Les Miserables
etext02/ltswd10.txt Letters on  Sweden, Norway and Denmark
etext04/lflcn10.txt Life of Abraham Lincoln, The
etext03/lfcpn10.txt Life of Chopin
etext04/8wsh110.txt Life of George Washington, The
etext05/8luth10.txt Life of Luther
etext05/8trsa10.txt Life of St. Teresa of Jesus
etext95/litbl10.txt Literary Blunders
etext96/lwmen12.txt Little Women
etext04/st15w10.txt Lives of Twelve Caesars, The
etext04/lsttn10.txt Loss of the SS Titanic, The
etext05/8moon10.txt Lost on the Moon
etext98/2ws4410.txt Lover's Complaint, A
etext98/2ws1210.txt Love's Labour's Lost
etext98/2ws3410.txt Macbeth
etext04/8gs3410.txt Macbeth
etext00/mbova10.txt Madame Bovary
etext96/magoz10.txt Magic of Oz, The
etext03/mjbrb10.txt Major Barbara
etext03/pmbrb10.txt Major Barbara, Preface to
etext04/8mala10.txt Malayan Literature
etext01/ironm11.txt Man in the Iron Mask [novel]
etext99/mwktm10a.txt Man Who Knew Too Much, The
etext04/marmn10a.txt Marmion
etext98/mhyde10.txt Martin Hyde the Duke's Messenger
etext93/ozland10.txt Marvelous Land of Oz, The
etext98/msprs10.txt Massacre at Paris, The
etext94/mayrc10.txt Mayor of Casterbridge, The
etext98/2ws3110.txt Measure for Measure
etext04/mdvll10.txt Mediaeval Lore
etext02/nb17v11.txt Memoirs of Napoleon, The
etext97/memho11.txt Memoirs of Sherlock Holmes, The
etext98/2ws1810.txt Merchant of Venice, The
etext98/2ws2010.txt Merry Wives of Windsor, The
etext00/mpolo10.txt Messer Marco Polo
etext94/mdmar10.txt Middlemarch
etext98/2ws1710.txt Midsummer Night's Dream, A
etext04/mlfls10.txt Mill in the Floss, The
etext01/moby11.txt Moby Dick
etext04/mdntp10.txt Modern Utopia, A
etext97/mdprp10.txt Modest Proposal, A
etext95/mollf10.txt Moll Flanders
etext05/8moor10.txt Moorish Literature
etext98/1mart10.txt Mort d'Arthur, Le
etext98/2mart10.txt Mort d'Arthur, Le
etext04/mtrcs10.txt Mortuary Customs of North American Indians
etext98/2ws2210.txt Much Ado About Nothing
etext03/mtlad10.txt Mutual Aid
etext95/myant11.txt My Antonia
etext04/7mynr10.txt Myne eerste vlerken
etext98/milnd11.txt Mysterious Island, The
etext01/1mrar10.txt Myth, Ritual, and Religion
etext01/mlcal10.txt Myths and Legends of Calif. and the Old Southwest
etext04/cs10w10.txt Myths and Legends of Our Own Land
etext95/sioux10.txt Myths and Legends of the Sioux
etext03/nplnb10.txt Napoleon Boneparte
etext05/8ntle10.txt National Epics
etext04/jm00v10.txt Netherlands, The
etext97/nblng10.txt Nibelungenlied, The
etext97/ncklb10.txt Nicholas Nickelby
etext96/njals10.txt Njal's Saga
etext03/nsnvl10.txt Nonsense Novels
etext04/8ldvc10.txt Notebooks of Leonardo DaVinci, The
etext96/notun11.txt Notes From The Underground
etext94/ee710.txt Number &quot;e&quot; [&quot;Natural Log&quot; 1 million places]
etext95/owlcr10.txt Occurrence At Owl Creek Bridge, An
etext99/dyssy10.txt Odyssey, The (Butler)
etext98/comet10.txt Off on a Comet
etext95/humbn10.txt Of Human Bondage
etext96/curio10.txt Old Curiosity Shop, The
etext02/oldno10.txt Old Northwest, The
etext96/olivr10.txt Oliver Twist
etext96/onepi10.txt One Divided by Pi to a Million Digits
etext93/civil11.txt On the Duty of Civil Disobedience
etext98/otoos11.txt On the Origin of Species
etext99/1onwr10.txt On War
etext00/mohwk10.txt Original Narratives of Early American History
etext96/orfur10.txt Orlando Furioso
etext98/2ws3210.txt Othello
etext05/8elit10.txt Outlines of English Literature
etext05/ovtop10.txt Over the Top
etext04/pam1w10.txt Pamela
etext92/plrabn12.txt Paradise Lost
etext93/rgain10.txt Paradise Regained
etext98/2ws4510.txt Passionate Pilgrim, The
etext98/2ws3810.txt Pericles
etext98/ppikg10.txt Peter Pan in Kensington Gardens
etext03/cwgen11.txt PG Memoirs of Three Civil War Generals, The
etext94/phant12.txt Phantom of the Opera, The
etext96/pcwar10.txt Pharsalia [The Civil War]
etext96/pmisr10.txt Philosophy of Misery, The
etext04/8phil10.txt Philosophy of the Style, The
etext98/2ws2710.txt Phoenix and the Turtle, The
etext04/8pics10h/8pics10h.htm Pictures Every Child Should Know
etext94/plgrm11.txt Pilgrim's Progress
etext93/pimil10.txt Pi to a Million Digits
etext98/potww10.txt Playboy of the Western World, The
etext96/plivs10.txt Plutarch's Lives
etext01/1mlyd10.txt Poems of Emily Dickenson
etext01/2mlyd10.txt Poems of Emily Dickenson
etext04/poeti10.txt Poetics (On the Art of Poetry)
etext04/phrlc10.txt Popular History of Ireland, A
etext03/prtrt10.txt Portrait of the Artist as a Young Man, A
etext05/8devl10h.htm Possessed, The
etext04/pengl10.txt Preface to a Dictionary of the English Language
etext98/pandp12.txt Pride and Prejudice
etext98/tprnc10.txt Prince, The
etext99/prppr11.txt Prince and the Pauper, The
etext96/prgob10.txt Princess and the Goblin, The
etext03/nqpmr10.txt Principles of Morals, The
etext04/pscmg10.txt Principles of Scientific Management, The
etext93/zenda10.txt Prisoner of Zenda, The
etext02/nc13v11.txt Private Life of Napoleon, The
etext04/prblm10.txt Problems in American Democracy
etext95/pge0112.txt Project Gutenberg Encyclopaedia
etext98/pgbev10.txt Project Gutenberg's Book of English Verse
etext96/prjtr10.txt Project Trinity: Official Report
etext05/8purg10.txt Purgatory
etext03/pygml10.txt Pygmalion
etext04/thrdm10ah/thrdm10ah.htm Radio Amateur's Hand Book, The
etext98/2ws0810.txt Rape of Lucrece, The
etext00/oroos10.txt Reception of the Origin of Species, The
etext05/8recn10.txt Reconciliation of Races and Religions, The
etext00/rbddh10.txt Record of Buddhistic Kingdoms
etext96/badge10a.txt Red Badge of Courage, The
etext04/8rdsl10.txt Rede zum Schuljahresabschluss
etext03/rplan10.txt Red Planet, The
etext05/8rtib10.txt Reign of Tiberius, The (Gordon)
etext04/8va0910.txt Reina Valera New Testament of the Bible 1909
etext05/8rinc10.txt Reincarnation
etext00/8rbaa10.txt Religion of Babylonia and Assyria, The
etext04/samur10.txt Religion of the Samurai, The
etext00/rlchn10.txt Religions of Ancient China
etext05/8rheb10.txt Renascence of Hebrew Literature, The (1743-1885)
etext94/repub13.txt Republic, The
etext99/resur10.txt Resurrection
etext94/rholm10.txt Return of Sherlock Holmes, The
etext93/tarz210.txt Return of Tarzan, The
etext94/nativ10.txt Return of the Native, The
etext03/twtp210.txt Rights of Man, The
etext94/rime10.txt Rime of the Ancient Mariner, The
etext96/rd2oz10.txt Road to Oz, The
etext97/1rbnh10.txt Robin Hood
etext04/rob3w10.txt Rob Roy
etext91/roget15a.txt Roget's Thesaurus
etext98/2ws1610.txt Romeo and Juliet
etext03/rosry11.txt Rosary, The
etext98/19rus10.txt Russia in 1919
etext04/pas8w10.txt Satyricon of Petronius Arbiter, The
etext92/scrlt12.txt Scarlet Letter, The
etext93/scarp10.txt Scarlet Pimpernel, The
etext04/8sced10.txt Science &amp; Education
etext98/secad10.txt Secret Adversary, The
etext94/gardn11.txt Secret Garden, The
etext94/sense11.txt Sense and Sensibility
etext04/svncl10.txt Seven Icelandic Short Stories
etext05/8shkm10.txt Shakspere And Montaigne
etext02/shrhe10.txt She
etext95/sstcq10.txt She Stoops to Conquer
etext05/skawe10.txt Shock &amp; Awe
etext02/hstwl10.txt Short History of Wales
etext01/siddh10.txt Siddhartha
etext00/sign410.txt Sign of Four, The
etext04/smtlc10.txt Simple Italian Cookery
etext97/ttnic10.txt Sinking of the Titanic
etext99/1ws5110.txt Sir John Oldcastle
etext98/1ws4710.txt Sir Thomas More
etext95/scarr10.txt Sister Carrie
etext96/sorol10.txt Song of Roland, The
etext99/sinex10.txt Songs of Innocence and Experience
etext97/wssnt10.txt Sonnets
etext97/slman10.txt Soul of Man Under Socialism, The
etext96/soulb10.txt Souls of Black Folk, The
etext02/8tspv111.txt South Pole, The
etext02/8tspv211.txt South Pole, The
etext04/spatr10.txt Spanish Tragedy, The
etext04/8grtr10.txt Specimens of Greek Tragedy
etext04/sphjd10.txt Speeches of the Honorable Jefferson Davis
etext98/sprvr11.txt Spoon River Anthology
etext03/ponye10.txt Story of the Pony Express, The
etext97/vlsng10.txt Story of the Volsungs, The
etext95/study10.txt Study in Scarlet, A
etext02/ssklt10.txt Sunshine Sketches of a Little Town
etext04/8swnn10.txt Swann's Way
etext04/swoop10.txt Swoop, The
etext01/tctgr10.txt Tacitus on Germany (Gordon)
etext94/2city12.txt Tale of Two Cities, A
etext96/tshak10.txt Tales from Shakespeare
etext04/tftaa10.txt Tales from the Arabic
etext97/tmbn110.txt Tamburlaine the Great, Part 1
etext99/tmbn210.txt Tamburlaine the Great, Part 2
etext98/2ws1010.txt Taming of the Shrew, The
etext93/tarzn10.txt Tarzan of the Apes
etext98/2ws4110.txt Tempest, The
etext98/2musk10.txt Ten Years Later
etext94/tess10.txt Tess of the d'Urbervilles
etext97/totlc10.txt Theory of the Leisure Class, The
etext98/tprnc10.txt The Prince (Marriott)
etext04/tmrcr10.txt Thoughts of Marcus Aurelius, The
etext98/1musk12.txt Three Musketeers, The
etext00/truss10.txt Through Russia
etext91/lglass18.txt Through the Looking Glass
etext99/spzar10.txt Thus Spake Zarathustra
etext92/timem11.txt Time Machine, The
etext98/2ws3710.txt Timon of Athens
etext05/tbyty10.txt Toby Tyler
etext98/2ws0910.txt Tragedy of Titus Andronicus, The
etext04/gp37w10.txt Trail of the Sword
etext94/treas11.txt Treasure Island
etext04/tgovt10.txt Treatise on Government, A
etext97/shndy10.txt Tristram Shandy
etext98/2ws2910.txt Troilus and Cressida
etext95/troic10.txt Troilus and Crisyde
etext95/tturn10.txt Turn of the Screw, The
etext98/2ws2810.txt Twelfth Night
etext98/3musk11.txt Twenty Years After
etext98/2ws1110.txt Two Gentlemen of Verona
etext98/2ws4310.txt Two Noble Kinsmen, The
etext00/2yb4m10.txt Two Years Before the Mast
etext03/ulyss12.txt Ulysses
etext00/utrkj10.txt Unbeaten Tracks in Japan
etext00/remus10.txt Uncle Remus/Songs/Sayings
etext95/utomc11.txt Uncle Tom's Cabin
etext99/vanya10.txt Uncle Vanya
etext90/bill11.txt United States' Bill of Rights
etext90/const11.txt United States' Constitution
etext00/utopi10.txt Utopia
etext03/vfear11a.txt Valley of Fear, The
etext04/vampy10.txt Vampyre, A Tale (The)
etext96/vfair12.txt Vanity Fair
etext04/8vnmm10.txt Venerable Mother Mary of the Incarnation
etext97/wsvns10.txt Venus and Adonis
etext02/vorow10.txt Vindication of the Rights of Women 
etext99/vstil10.txt Visit to Iceland
etext98/vccty10.txt Voice of the City, The
etext03/vlpnr10.txt Volpone; Or, The Fox
etext03/vbgle11a.txt Voyage of the Beagle, The
etext01/wrnpc10.txt War and Peace
etext96/twrdn10.txt Warden, The
etext92/warw12.txt War of the Worlds, The
etext01/warje10.txt Wars of the Jews, The
etext00/wflsh10.txt Way of All Flesh, The
etext98/wwrld10.txt Way of the World, The
etext02/wltnt10.txt Wealth of Nations
etext94/wwend10.txt Well at the End of the World, The
etext95/pprty10.txt What is Property?
etext97/wtfng10.txt White Fang
etext97/wwasw10.txt Who Was Who: 5000 BC &ndash; 1914
etext04/8wwrt10.txt Who Wrote the Bible?
etext04/whwar10.txt Why We Are At War
etext95/wwill10.txt Wind and the Willows, The
etext96/wnbrg11.txt Winesburg, Ohio
etext98/2ws4010.txt Winter's Tale, The
etext05/wlwrk10.txt Woman's Life Work, A
etext03/wmnlv10.txt Women in Love
etext93/wizoz10.txt Wonderful Wizard of Oz, The
etext04/g138v10.txt Word Only a Word, A
etext00/poe1v10.txt Works of Edgar Allen Poe, The
etext00/poe2v10.txt Works of Edgar Allen Poe, The
etext00/poe3v11.txt Works of Edgar Allen Poe, The
etext00/poe4v10.txt Works of Edgar Allen Poe, The
etext00/poe5v10.txt Works of Edgar Allen Poe, The
etext04/fs40w10.txt Works of Frederich Schiller in English, The
etext00/1vkip11.txt Works of Rudyard Kipling, The
etext96/sjv0410.txt Works of Samuel Johnson
etext01/1linc11.txt Writings of Abraham Lincoln, The
etext01/2linc11.txt Writings of Abraham Lincoln, The
etext01/3linc11.txt Writings of Abraham Lincoln, The
etext01/4linc11.txt Writings of Abraham Lincoln, The
etext01/5linc11.txt Writings of Abraham Lincoln, The
etext01/6linc11.txt Writings of Abraham Lincoln, The
etext01/7linc11.txt Writings of Abraham Lincoln, The
etext96/wuthr10.txt Wuthering Heights
etext99/ylwlp10.txt Yellow Wallpaper, The
etext01/zambs10.txt Zambesi Expedition
